{"level":"error","message":"Error generating AI response: AI API error: 429","stack":"Error: AI API error: 429\n    at AIAssistant.callAI (file:///C:/Users/Michael/Zomboid/Workshop/ZonaNyamanBotZ/zomboid-discord-rcon/src/ai/assistant.js:167:13)\n    at process.processTicksAndRejections (node:internal/process/task_queues:95:5)\n    at async AIAssistant.generateResponse (file:///C:/Users/Michael/Zomboid/Workshop/ZonaNyamanBotZ/zomboid-discord-rcon/src/ai/assistant.js:59:16)\n    at async finalTest (file:///C:/Users/Michael/Zomboid/Workshop/ZonaNyamanBotZ/zomboid-discord-rcon/test/final-test.js:45:24)","timestamp":"2025-08-08T04:12:19.971Z"}
{"level":"error","message":"Error generating AI response: AI API error: 429","stack":"Error: AI API error: 429\n    at AIAssistant.callAI (file:///C:/Users/Michael/Zomboid/Workshop/ZonaNyamanBotZ/zomboid-discord-rcon/src/ai/assistant.js:167:13)\n    at process.processTicksAndRejections (node:internal/process/task_queues:95:5)\n    at async AIAssistant.generateResponse (file:///C:/Users/Michael/Zomboid/Workshop/ZonaNyamanBotZ/zomboid-discord-rcon/src/ai/assistant.js:59:16)\n    at async finalTest (file:///C:/Users/Michael/Zomboid/Workshop/ZonaNyamanBotZ/zomboid-discord-rcon/test/final-test.js:45:24)","timestamp":"2025-08-08T04:12:20.238Z"}
{"level":"error","message":"Error generating AI response: AI API error: 429","stack":"Error: AI API error: 429\n    at AIAssistant.callAI (file:///C:/Users/Michael/Zomboid/Workshop/ZonaNyamanBotZ/zomboid-discord-rcon/src/ai/assistant.js:167:13)\n    at process.processTicksAndRejections (node:internal/process/task_queues:95:5)\n    at async AIAssistant.generateResponse (file:///C:/Users/Michael/Zomboid/Workshop/ZonaNyamanBotZ/zomboid-discord-rcon/src/ai/assistant.js:59:16)\n    at async finalTest (file:///C:/Users/Michael/Zomboid/Workshop/ZonaNyamanBotZ/zomboid-discord-rcon/test/final-test.js:45:24)","timestamp":"2025-08-08T04:12:24.367Z"}
{"level":"error","message":"Error generating AI response: AI API error: 429","stack":"Error: AI API error: 429\n    at AIAssistant.callAI (file:///C:/Users/Michael/Zomboid/Workshop/ZonaNyamanBotZ/zomboid-discord-rcon/src/ai/assistant.js:167:13)\n    at process.processTicksAndRejections (node:internal/process/task_queues:95:5)\n    at async AIAssistant.generateResponse (file:///C:/Users/Michael/Zomboid/Workshop/ZonaNyamanBotZ/zomboid-discord-rcon/src/ai/assistant.js:59:16)\n    at async finalTest (file:///C:/Users/Michael/Zomboid/Workshop/ZonaNyamanBotZ/zomboid-discord-rcon/test/final-test.js:45:24)","timestamp":"2025-08-08T04:12:25.105Z"}
{"level":"info","message":"External knowledge base loaded successfully","timestamp":"2025-08-08T04:20:19.587Z"}
{"level":"error","message":"Error generating AI response: AI API error: 429","stack":"Error: AI API error: 429\n    at AIAssistant.callAI (file:///C:/Users/Michael/Zomboid/Workshop/ZonaNyamanBotZ/zomboid-discord-rcon/src/ai/assistant.js:201:13)\n    at process.processTicksAndRejections (node:internal/process/task_queues:95:5)\n    at async AIAssistant.generateResponse (file:///C:/Users/Michael/Zomboid/Workshop/ZonaNyamanBotZ/zomboid-discord-rcon/src/ai/assistant.js:80:16)\n    at async testKnowledgeIntegration (file:///C:/Users/Michael/Zomboid/Workshop/ZonaNyamanBotZ/zomboid-discord-rcon/test/test-knowledge-integration.js:48:24)","timestamp":"2025-08-08T04:20:20.517Z"}
{"level":"error","message":"Error generating AI response: AI API error: 429","stack":"Error: AI API error: 429\n    at AIAssistant.callAI (file:///C:/Users/Michael/Zomboid/Workshop/ZonaNyamanBotZ/zomboid-discord-rcon/src/ai/assistant.js:201:13)\n    at process.processTicksAndRejections (node:internal/process/task_queues:95:5)\n    at async AIAssistant.generateResponse (file:///C:/Users/Michael/Zomboid/Workshop/ZonaNyamanBotZ/zomboid-discord-rcon/src/ai/assistant.js:80:16)\n    at async testKnowledgeIntegration (file:///C:/Users/Michael/Zomboid/Workshop/ZonaNyamanBotZ/zomboid-discord-rcon/test/test-knowledge-integration.js:48:24)","timestamp":"2025-08-08T04:20:21.530Z"}
{"level":"error","message":"Error generating AI response: AI API error: 429","stack":"Error: AI API error: 429\n    at AIAssistant.callAI (file:///C:/Users/Michael/Zomboid/Workshop/ZonaNyamanBotZ/zomboid-discord-rcon/src/ai/assistant.js:201:13)\n    at process.processTicksAndRejections (node:internal/process/task_queues:95:5)\n    at async AIAssistant.generateResponse (file:///C:/Users/Michael/Zomboid/Workshop/ZonaNyamanBotZ/zomboid-discord-rcon/src/ai/assistant.js:80:16)\n    at async testKnowledgeIntegration (file:///C:/Users/Michael/Zomboid/Workshop/ZonaNyamanBotZ/zomboid-discord-rcon/test/test-knowledge-integration.js:48:24)","timestamp":"2025-08-08T04:20:22.254Z"}
{"level":"error","message":"Error generating AI response: AI API error: 429","stack":"Error: AI API error: 429\n    at AIAssistant.callAI (file:///C:/Users/Michael/Zomboid/Workshop/ZonaNyamanBotZ/zomboid-discord-rcon/src/ai/assistant.js:201:13)\n    at process.processTicksAndRejections (node:internal/process/task_queues:95:5)\n    at async AIAssistant.generateResponse (file:///C:/Users/Michael/Zomboid/Workshop/ZonaNyamanBotZ/zomboid-discord-rcon/src/ai/assistant.js:80:16)\n    at async testKnowledgeIntegration (file:///C:/Users/Michael/Zomboid/Workshop/ZonaNyamanBotZ/zomboid-discord-rcon/test/test-knowledge-integration.js:48:24)","timestamp":"2025-08-08T04:20:22.487Z"}
{"level":"error","message":"Error generating AI response: AI API error: 429","stack":"Error: AI API error: 429\n    at AIAssistant.callAI (file:///C:/Users/Michael/Zomboid/Workshop/ZonaNyamanBotZ/zomboid-discord-rcon/src/ai/assistant.js:201:13)\n    at process.processTicksAndRejections (node:internal/process/task_queues:95:5)\n    at async AIAssistant.generateResponse (file:///C:/Users/Michael/Zomboid/Workshop/ZonaNyamanBotZ/zomboid-discord-rcon/src/ai/assistant.js:80:16)\n    at async testKnowledgeIntegration (file:///C:/Users/Michael/Zomboid/Workshop/ZonaNyamanBotZ/zomboid-discord-rcon/test/test-knowledge-integration.js:48:24)","timestamp":"2025-08-08T04:20:23.706Z"}
{"level":"error","message":"Error generating AI response: AI API error: 429","stack":"Error: AI API error: 429\n    at AIAssistant.callAI (file:///C:/Users/Michael/Zomboid/Workshop/ZonaNyamanBotZ/zomboid-discord-rcon/src/ai/assistant.js:201:13)\n    at process.processTicksAndRejections (node:internal/process/task_queues:95:5)\n    at async AIAssistant.generateResponse (file:///C:/Users/Michael/Zomboid/Workshop/ZonaNyamanBotZ/zomboid-discord-rcon/src/ai/assistant.js:80:16)\n    at async testKnowledgeIntegration (file:///C:/Users/Michael/Zomboid/Workshop/ZonaNyamanBotZ/zomboid-discord-rcon/test/test-knowledge-integration.js:48:24)","timestamp":"2025-08-08T04:20:23.989Z"}
{"level":"error","message":"Error generating AI response: AI API error: 429","stack":"Error: AI API error: 429\n    at AIAssistant.callAI (file:///C:/Users/Michael/Zomboid/Workshop/ZonaNyamanBotZ/zomboid-discord-rcon/src/ai/assistant.js:201:13)\n    at process.processTicksAndRejections (node:internal/process/task_queues:95:5)\n    at async AIAssistant.generateResponse (file:///C:/Users/Michael/Zomboid/Workshop/ZonaNyamanBotZ/zomboid-discord-rcon/src/ai/assistant.js:80:16)\n    at async testKnowledgeIntegration (file:///C:/Users/Michael/Zomboid/Workshop/ZonaNyamanBotZ/zomboid-discord-rcon/test/test-knowledge-integration.js:48:24)","timestamp":"2025-08-08T04:20:24.603Z"}
{"level":"error","message":"Error generating AI response: AI API error: 429","stack":"Error: AI API error: 429\n    at AIAssistant.callAI (file:///C:/Users/Michael/Zomboid/Workshop/ZonaNyamanBotZ/zomboid-discord-rcon/src/ai/assistant.js:201:13)\n    at process.processTicksAndRejections (node:internal/process/task_queues:95:5)\n    at async AIAssistant.generateResponse (file:///C:/Users/Michael/Zomboid/Workshop/ZonaNyamanBotZ/zomboid-discord-rcon/src/ai/assistant.js:80:16)\n    at async testKnowledgeIntegration (file:///C:/Users/Michael/Zomboid/Workshop/ZonaNyamanBotZ/zomboid-discord-rcon/test/test-knowledge-integration.js:48:24)","timestamp":"2025-08-08T04:20:25.063Z"}
{"level":"info","message":"External knowledge base loaded successfully","timestamp":"2025-08-08T04:23:59.220Z"}
{"level":"info","message":"External knowledge base loaded successfully","timestamp":"2025-08-08T04:23:59.224Z"}
{"level":"error","message":"Error generating AI response: AI API error: 429","stack":"Error: AI API error: 429\n    at AIAssistant.callAI (file:///C:/Users/Michael/Zomboid/Workshop/ZonaNyamanBotZ/zomboid-discord-rcon/src/ai/assistant.js:201:13)\n    at process.processTicksAndRejections (node:internal/process/task_queues:95:5)\n    at async AIAssistant.generateResponse (file:///C:/Users/Michael/Zomboid/Workshop/ZonaNyamanBotZ/zomboid-discord-rcon/src/ai/assistant.js:80:16)\n    at async quickTest (file:///C:/Users/Michael/Zomboid/Workshop/ZonaNyamanBotZ/zomboid-discord-rcon/test/quick-test.js:33:24)","timestamp":"2025-08-08T04:24:00.200Z"}
{"level":"info","message":"External knowledge base loaded successfully","timestamp":"2025-08-08T04:35:14.397Z"}
{"level":"info","message":"External knowledge base loaded successfully","timestamp":"2025-08-08T04:35:14.401Z"}
{"level":"error","message":"Error generating AI response: AI API error: 429","stack":"Error: AI API error: 429\n    at AIAssistant.callAI (file:///C:/Users/Michael/Zomboid/Workshop/ZonaNyamanBotZ/zomboid-discord-rcon/src/ai/assistant.js:201:13)\n    at process.processTicksAndRejections (node:internal/process/task_queues:95:5)\n    at async AIAssistant.generateResponse (file:///C:/Users/Michael/Zomboid/Workshop/ZonaNyamanBotZ/zomboid-discord-rcon/src/ai/assistant.js:80:16)\n    at async finalTest (file:///C:/Users/Michael/Zomboid/Workshop/ZonaNyamanBotZ/zomboid-discord-rcon/test/final-test.js:70:24)","timestamp":"2025-08-08T04:35:14.792Z"}
{"level":"error","message":"Error generating AI response: AI API error: 429","stack":"Error: AI API error: 429\n    at AIAssistant.callAI (file:///C:/Users/Michael/Zomboid/Workshop/ZonaNyamanBotZ/zomboid-discord-rcon/src/ai/assistant.js:201:13)\n    at process.processTicksAndRejections (node:internal/process/task_queues:95:5)\n    at async AIAssistant.generateResponse (file:///C:/Users/Michael/Zomboid/Workshop/ZonaNyamanBotZ/zomboid-discord-rcon/src/ai/assistant.js:80:16)\n    at async finalTest (file:///C:/Users/Michael/Zomboid/Workshop/ZonaNyamanBotZ/zomboid-discord-rcon/test/final-test.js:70:24)","timestamp":"2025-08-08T04:35:15.153Z"}
{"level":"info","message":"External knowledge base loaded successfully","timestamp":"2025-08-08T04:40:16.427Z"}
{"level":"error","message":"Error generating AI response: AI API error: 429","stack":"Error: AI API error: 429\n    at AIAssistant.callAI (file:///C:/Users/Michael/Zomboid/Workshop/ZonaNyamanBotZ/zomboid-discord-rcon/src/ai/assistant.js:201:13)\n    at process.processTicksAndRejections (node:internal/process/task_queues:95:5)\n    at async AIAssistant.generateResponse (file:///C:/Users/Michael/Zomboid/Workshop/ZonaNyamanBotZ/zomboid-discord-rcon/src/ai/assistant.js:80:16)\n    at async DiscordBot.handleAIChannelMessage (file:///C:/Users/Michael/Zomboid/Workshop/ZonaNyamanBotZ/zomboid-discord-rcon/src/discord/bot.js:1671:24)\n    at async Client.<anonymous> (file:///C:/Users/Michael/Zomboid/Workshop/ZonaNyamanBotZ/zomboid-discord-rcon/src/discord/bot.js:263:9)","timestamp":"2025-08-08T04:41:37.692Z"}
{"level":"info","message":"External knowledge base loaded successfully","timestamp":"2025-08-08T04:45:41.271Z"}
{"level":"info","message":"External knowledge base loaded successfully","timestamp":"2025-08-08T04:57:28.219Z"}
{"level":"info","message":"External knowledge base loaded successfully","timestamp":"2025-08-08T04:57:28.224Z"}
{"level":"error","message":"Error generating AI response: AI API error: 429","stack":"Error: AI API error: 429\n    at AIAssistant.callAI (file:///C:/Users/Michael/Zomboid/Workshop/ZonaNyamanBotZ/zomboid-discord-rcon/src/ai/assistant.js:201:13)\n    at process.processTicksAndRejections (node:internal/process/task_queues:95:5)\n    at async AIAssistant.generateResponse (file:///C:/Users/Michael/Zomboid/Workshop/ZonaNyamanBotZ/zomboid-discord-rcon/src/ai/assistant.js:80:16)\n    at async finalTest (file:///C:/Users/Michael/Zomboid/Workshop/ZonaNyamanBotZ/zomboid-discord-rcon/test/final-test.js:70:24)","timestamp":"2025-08-08T04:57:28.922Z"}
{"level":"error","message":"Error generating AI response: AI API error: 429","stack":"Error: AI API error: 429\n    at AIAssistant.callAI (file:///C:/Users/Michael/Zomboid/Workshop/ZonaNyamanBotZ/zomboid-discord-rcon/src/ai/assistant.js:201:13)\n    at process.processTicksAndRejections (node:internal/process/task_queues:95:5)\n    at async AIAssistant.generateResponse (file:///C:/Users/Michael/Zomboid/Workshop/ZonaNyamanBotZ/zomboid-discord-rcon/src/ai/assistant.js:80:16)\n    at async finalTest (file:///C:/Users/Michael/Zomboid/Workshop/ZonaNyamanBotZ/zomboid-discord-rcon/test/final-test.js:70:24)","timestamp":"2025-08-08T04:57:29.332Z"}
{"level":"info","message":"External knowledge base loaded successfully","timestamp":"2025-08-08T04:58:47.446Z"}
{"level":"info","message":"External knowledge base loaded successfully","timestamp":"2025-08-08T05:43:40.758Z"}
{"level":"info","message":"External knowledge base loaded successfully","timestamp":"2025-08-08T05:43:40.762Z"}
{"level":"error","message":"Error generating AI response: AI API error: 429","stack":"Error: AI API error: 429\n    at AIAssistant.callAI (file:///C:/Users/Michael/Zomboid/Workshop/ZonaNyamanBotZ/zomboid-discord-rcon/src/ai/assistant.js:201:13)\n    at process.processTicksAndRejections (node:internal/process/task_queues:95:5)\n    at async AIAssistant.generateResponse (file:///C:/Users/Michael/Zomboid/Workshop/ZonaNyamanBotZ/zomboid-discord-rcon/src/ai/assistant.js:80:16)\n    at async finalTest (file:///C:/Users/Michael/Zomboid/Workshop/ZonaNyamanBotZ/zomboid-discord-rcon/test/final-test.js:70:24)","timestamp":"2025-08-08T05:43:41.376Z"}
{"level":"error","message":"Error generating AI response: AI API error: 429","stack":"Error: AI API error: 429\n    at AIAssistant.callAI (file:///C:/Users/Michael/Zomboid/Workshop/ZonaNyamanBotZ/zomboid-discord-rcon/src/ai/assistant.js:201:13)\n    at process.processTicksAndRejections (node:internal/process/task_queues:95:5)\n    at async AIAssistant.generateResponse (file:///C:/Users/Michael/Zomboid/Workshop/ZonaNyamanBotZ/zomboid-discord-rcon/src/ai/assistant.js:80:16)\n    at async finalTest (file:///C:/Users/Michael/Zomboid/Workshop/ZonaNyamanBotZ/zomboid-discord-rcon/test/final-test.js:70:24)","timestamp":"2025-08-08T05:43:41.732Z"}
{"level":"info","message":"External knowledge base loaded successfully","timestamp":"2025-08-08T05:44:02.653Z"}
{"level":"info","message":"External knowledge base loaded successfully","timestamp":"2025-08-08T05:49:24.255Z"}
{"level":"info","message":"External knowledge base loaded successfully","timestamp":"2025-08-08T05:49:43.866Z"}
{"level":"info","message":"External knowledge base loaded successfully","timestamp":"2025-08-08T05:50:57.475Z"}
{"level":"info","message":"External knowledge base loaded successfully","timestamp":"2025-08-08T05:51:10.583Z"}
{"level":"info","message":"External knowledge base loaded successfully","timestamp":"2025-08-08T05:51:18.769Z"}
{"level":"info","message":"External knowledge base loaded successfully","timestamp":"2025-08-08T05:51:44.675Z"}
{"level":"info","message":"External knowledge base loaded successfully","timestamp":"2025-08-08T05:52:17.578Z"}
{"level":"info","message":"External knowledge base loaded successfully","timestamp":"2025-08-08T06:02:21.587Z"}
{"level":"info","message":"External knowledge base loaded successfully","timestamp":"2025-08-08T06:04:02.959Z"}
{"level":"info","message":"External knowledge base loaded successfully","timestamp":"2025-08-08T06:04:27.350Z"}
{"level":"info","message":"External knowledge base loaded successfully","timestamp":"2025-08-08T06:04:49.047Z"}
{"level":"info","message":"External knowledge base loaded successfully","timestamp":"2025-08-08T06:08:00.958Z"}
{"level":"info","message":"External knowledge base loaded successfully","timestamp":"2025-08-08T06:08:32.299Z"}
{"level":"info","message":"External knowledge base loaded successfully","timestamp":"2025-08-08T06:10:31.364Z"}
{"level":"info","message":"External knowledge base loaded successfully","timestamp":"2025-08-08T06:11:26.434Z"}
{"level":"info","message":"External knowledge base loaded successfully","timestamp":"2025-08-08T06:11:57.546Z"}
{"level":"info","message":"External knowledge base loaded successfully","timestamp":"2025-08-08T06:12:17.270Z"}
{"level":"error","message":"Error generating AI response: AI API error: 429","stack":"Error: AI API error: 429\n    at AIAssistant.callAI (file:///C:/Users/Michael/Zomboid/Workshop/ZonaNyamanBotZ/zomboid-discord-rcon/src/ai/assistant.js:201:13)\n    at process.processTicksAndRejections (node:internal/process/task_queues:95:5)\n    at async AIAssistant.generateResponse (file:///C:/Users/Michael/Zomboid/Workshop/ZonaNyamanBotZ/zomboid-discord-rcon/src/ai/assistant.js:80:16)\n    at async DiscordBot.handleAIChannelMessage (file:///C:/Users/Michael/Zomboid/Workshop/ZonaNyamanBotZ/zomboid-discord-rcon/src/discord/bot.js:1671:24)\n    at async Client.<anonymous> (file:///C:/Users/Michael/Zomboid/Workshop/ZonaNyamanBotZ/zomboid-discord-rcon/src/discord/bot.js:263:9)","timestamp":"2025-08-08T06:19:26.124Z"}
{"level":"error","message":"Error generating AI response: AI API error: 429","stack":"Error: AI API error: 429\n    at AIAssistant.callAI (file:///C:/Users/Michael/Zomboid/Workshop/ZonaNyamanBotZ/zomboid-discord-rcon/src/ai/assistant.js:201:13)\n    at process.processTicksAndRejections (node:internal/process/task_queues:95:5)\n    at async AIAssistant.generateResponse (file:///C:/Users/Michael/Zomboid/Workshop/ZonaNyamanBotZ/zomboid-discord-rcon/src/ai/assistant.js:80:16)\n    at async DiscordBot.handleAIChannelMessage (file:///C:/Users/Michael/Zomboid/Workshop/ZonaNyamanBotZ/zomboid-discord-rcon/src/discord/bot.js:1671:24)\n    at async Client.<anonymous> (file:///C:/Users/Michael/Zomboid/Workshop/ZonaNyamanBotZ/zomboid-discord-rcon/src/discord/bot.js:263:9)","timestamp":"2025-08-08T06:27:51.308Z"}
{"level":"info","message":"External knowledge base loaded successfully","timestamp":"2025-09-11T04:51:24.801Z"}
{"level":"info","message":"External knowledge base loaded successfully","timestamp":"2025-09-11T04:52:30.764Z"}
{"level":"info","message":"External knowledge base loaded successfully","timestamp":"2025-09-11T04:53:05.902Z"}
{"level":"info","message":"External knowledge base loaded successfully","timestamp":"2025-09-11T04:56:49.573Z"}
{"level":"info","message":"External knowledge base loaded successfully","timestamp":"2025-09-11T04:57:16.494Z"}
{"level":"info","message":"External knowledge base loaded successfully","timestamp":"2025-09-11T04:58:26.581Z"}
{"level":"info","message":"External knowledge base loaded successfully","timestamp":"2025-09-11T06:31:04.379Z"}
{"level":"info","message":"External knowledge base loaded successfully","timestamp":"2025-09-11T06:37:04.033Z"}
{"level":"info","message":"External knowledge base loaded successfully","timestamp":"2025-09-11T06:49:38.374Z"}
{"level":"info","message":"External knowledge base loaded successfully","timestamp":"2025-09-11T06:49:47.586Z"}
{"level":"info","message":"External knowledge base loaded successfully","timestamp":"2025-09-11T06:50:27.730Z"}
{"level":"info","message":"External knowledge base loaded successfully","timestamp":"2025-09-11T06:57:01.762Z"}
{"level":"info","message":"[AuctionLogMonitor] Starting auction log monitoring...","timestamp":"2025-09-11T06:57:04.459Z"}
{"level":"info","message":"[AuctionLogMonitor] Starting from position: 0","timestamp":"2025-09-11T06:57:06.819Z"}
{"level":"info","message":"[AuctionLogMonitor] Monitoring started with 30s interval","timestamp":"2025-09-11T06:57:06.820Z"}
{"level":"info","message":"[AuctionLogMonitor] Stopping auction log monitoring...","timestamp":"2025-09-11T06:59:21.704Z"}
{"level":"info","message":"External knowledge base loaded successfully","timestamp":"2025-09-11T06:59:24.260Z"}
{"level":"info","message":"[AuctionLogMonitor] Starting auction log monitoring...","timestamp":"2025-09-11T06:59:30.102Z"}
{"level":"info","message":"[AuctionLogMonitor] Starting from position: 0","timestamp":"2025-09-11T06:59:32.344Z"}
{"level":"info","message":"[AuctionLogMonitor] Monitoring started with 30s interval","timestamp":"2025-09-11T06:59:32.345Z"}
{"level":"info","message":"[AuctionLogMonitor] Found 1 new auction entries","timestamp":"2025-09-11T07:11:40.755Z"}
{"level":"info","message":"[AuctionLogMonitor] Processing CREATE_AUCTION at 2025-09-11T07:10:04Z","timestamp":"2025-09-11T07:11:40.758Z"}
{"level":"error","message":"[AuctionLogMonitor] Error handling CREATE_AUCTION: operator does not exist: character varying = bigint","name":"SequelizeDatabaseError","original":{"code":"42883","file":"parse_oper.c","hint":"No operator matches the given name and argument types. You might need to add explicit type casts.","length":212,"line":"647","name":"error","position":"179","routine":"op_error","severity":"ERROR","sql":"SELECT \"id\", \"discordid\", \"steamid\", \"ownerid\", \"username1\", \"password1\", \"username2\", \"password2\", \"extradata\", \"created_at\" FROM \"zmusers\" AS \"ZMUser\" WHERE \"ZMUser\".\"steamid\" = 76561198139202300 LIMIT 1;"},"parameters":{},"parent":{"code":"42883","file":"parse_oper.c","hint":"No operator matches the given name and argument types. You might need to add explicit type casts.","length":212,"line":"647","name":"error","position":"179","routine":"op_error","severity":"ERROR","sql":"SELECT \"id\", \"discordid\", \"steamid\", \"ownerid\", \"username1\", \"password1\", \"username2\", \"password2\", \"extradata\", \"created_at\" FROM \"zmusers\" AS \"ZMUser\" WHERE \"ZMUser\".\"steamid\" = 76561198139202300 LIMIT 1;"},"sql":"SELECT \"id\", \"discordid\", \"steamid\", \"ownerid\", \"username1\", \"password1\", \"username2\", \"password2\", \"extradata\", \"created_at\" FROM \"zmusers\" AS \"ZMUser\" WHERE \"ZMUser\".\"steamid\" = 76561198139202300 LIMIT 1;","stack":"Error\n    at Query.run (C:\\Users\\Michael\\Zomboid\\Workshop\\ZonaNyamanBotZ\\zomboid-discord-rcon\\node_modules\\sequelize\\lib\\dialects\\postgres\\query.js:50:25)\n    at C:\\Users\\Michael\\Zomboid\\Workshop\\ZonaNyamanBotZ\\zomboid-discord-rcon\\node_modules\\sequelize\\lib\\sequelize.js:315:28\n    at process.processTicksAndRejections (node:internal/process/task_queues:95:5)\n    at async PostgresQueryInterface.select (C:\\Users\\Michael\\Zomboid\\Workshop\\ZonaNyamanBotZ\\zomboid-discord-rcon\\node_modules\\sequelize\\lib\\dialects\\abstract\\query-interface.js:407:12)\n    at async ZMUser.findAll (C:\\Users\\Michael\\Zomboid\\Workshop\\ZonaNyamanBotZ\\zomboid-discord-rcon\\node_modules\\sequelize\\lib\\model.js:1140:21)\n    at async ZMUser.findOne (C:\\Users\\Michael\\Zomboid\\Workshop\\ZonaNyamanBotZ\\zomboid-discord-rcon\\node_modules\\sequelize\\lib\\model.js:1240:12)\n    at async ZMUser.findOrCreate (C:\\Users\\Michael\\Zomboid\\Workshop\\ZonaNyamanBotZ\\zomboid-discord-rcon\\node_modules\\sequelize\\lib\\model.js:1411:21)\n    at async AuctionLogMonitor.handleCreateAuction (file:///C:/Users/Michael/Zomboid/Workshop/ZonaNyamanBotZ/zomboid-discord-rcon/src/services/auctionLogMonitor.js:138:33)\n    at async AuctionLogMonitor.processAuctionEntry (file:///C:/Users/Michael/Zomboid/Workshop/ZonaNyamanBotZ/zomboid-discord-rcon/src/services/auctionLogMonitor.js:104:11)\n    at async AuctionLogMonitor.scanAndProcessAuctions (file:///C:/Users/Michael/Zomboid/Workshop/ZonaNyamanBotZ/zomboid-discord-rcon/src/services/auctionLogMonitor.js:80:11)","timestamp":"2025-09-11T07:11:41.525Z"}
{"level":"error","message":"[AuctionLogMonitor] Error processing auction entry: operator does not exist: character varying = bigint","name":"SequelizeDatabaseError","original":{"code":"42883","file":"parse_oper.c","hint":"No operator matches the given name and argument types. You might need to add explicit type casts.","length":212,"line":"647","name":"error","position":"179","routine":"op_error","severity":"ERROR","sql":"SELECT \"id\", \"discordid\", \"steamid\", \"ownerid\", \"username1\", \"password1\", \"username2\", \"password2\", \"extradata\", \"created_at\" FROM \"zmusers\" AS \"ZMUser\" WHERE \"ZMUser\".\"steamid\" = 76561198139202300 LIMIT 1;"},"parameters":{},"parent":{"code":"42883","file":"parse_oper.c","hint":"No operator matches the given name and argument types. You might need to add explicit type casts.","length":212,"line":"647","name":"error","position":"179","routine":"op_error","severity":"ERROR","sql":"SELECT \"id\", \"discordid\", \"steamid\", \"ownerid\", \"username1\", \"password1\", \"username2\", \"password2\", \"extradata\", \"created_at\" FROM \"zmusers\" AS \"ZMUser\" WHERE \"ZMUser\".\"steamid\" = 76561198139202300 LIMIT 1;"},"sql":"SELECT \"id\", \"discordid\", \"steamid\", \"ownerid\", \"username1\", \"password1\", \"username2\", \"password2\", \"extradata\", \"created_at\" FROM \"zmusers\" AS \"ZMUser\" WHERE \"ZMUser\".\"steamid\" = 76561198139202300 LIMIT 1;","stack":"Error\n    at Query.run (C:\\Users\\Michael\\Zomboid\\Workshop\\ZonaNyamanBotZ\\zomboid-discord-rcon\\node_modules\\sequelize\\lib\\dialects\\postgres\\query.js:50:25)\n    at C:\\Users\\Michael\\Zomboid\\Workshop\\ZonaNyamanBotZ\\zomboid-discord-rcon\\node_modules\\sequelize\\lib\\sequelize.js:315:28\n    at process.processTicksAndRejections (node:internal/process/task_queues:95:5)\n    at async PostgresQueryInterface.select (C:\\Users\\Michael\\Zomboid\\Workshop\\ZonaNyamanBotZ\\zomboid-discord-rcon\\node_modules\\sequelize\\lib\\dialects\\abstract\\query-interface.js:407:12)\n    at async ZMUser.findAll (C:\\Users\\Michael\\Zomboid\\Workshop\\ZonaNyamanBotZ\\zomboid-discord-rcon\\node_modules\\sequelize\\lib\\model.js:1140:21)\n    at async ZMUser.findOne (C:\\Users\\Michael\\Zomboid\\Workshop\\ZonaNyamanBotZ\\zomboid-discord-rcon\\node_modules\\sequelize\\lib\\model.js:1240:12)\n    at async ZMUser.findOrCreate (C:\\Users\\Michael\\Zomboid\\Workshop\\ZonaNyamanBotZ\\zomboid-discord-rcon\\node_modules\\sequelize\\lib\\model.js:1411:21)\n    at async AuctionLogMonitor.handleCreateAuction (file:///C:/Users/Michael/Zomboid/Workshop/ZonaNyamanBotZ/zomboid-discord-rcon/src/services/auctionLogMonitor.js:138:33)\n    at async AuctionLogMonitor.processAuctionEntry (file:///C:/Users/Michael/Zomboid/Workshop/ZonaNyamanBotZ/zomboid-discord-rcon/src/services/auctionLogMonitor.js:104:11)\n    at async AuctionLogMonitor.scanAndProcessAuctions (file:///C:/Users/Michael/Zomboid/Workshop/ZonaNyamanBotZ/zomboid-discord-rcon/src/services/auctionLogMonitor.js:80:11)","timestamp":"2025-09-11T07:11:41.526Z"}
{"action":"CREATE_AUCTION","data":{"buyoutPrice":30,"condition":50,"currentBid":15,"duration":24,"isActive":true,"itemID":"10598047","itemName":"AK47 Assault Rifle_tester2_+3","itemType":"Base.RF_AK47","sellerSteamID":76561198139202300,"sellerUsername":"tester2","serverName":"servertest","startingPrice":15,"timestamp":1757574604.511},"level":"error","message":"[AuctionLogMonitor] Entry data:","timestamp":"2025-09-11T07:10:04Z","unixTime":1757574604.527}
{"level":"info","message":"[AuctionLogMonitor] Stopping auction log monitoring...","timestamp":"2025-09-11T07:13:01.339Z"}
{"level":"info","message":"External knowledge base loaded successfully","timestamp":"2025-09-11T07:14:51.579Z"}
{"level":"info","message":"[AuctionLogMonitor] Starting auction log monitoring...","timestamp":"2025-09-11T07:14:55.954Z"}
{"level":"info","message":"[AuctionLogMonitor] Starting from position: 0","timestamp":"2025-09-11T07:14:58.246Z"}
{"level":"info","message":"[AuctionLogMonitor] Monitoring started with 30s interval","timestamp":"2025-09-11T07:14:58.246Z"}
{"level":"info","message":"[AuctionLogMonitor] Found 1 new auction entries","timestamp":"2025-09-11T07:15:34.311Z"}
{"level":"info","message":"[AuctionLogMonitor] Processing CREATE_AUCTION at 2025-09-11T07:10:04Z","timestamp":"2025-09-11T07:15:34.312Z"}
{"level":"info","message":"[AuctionLogMonitor] Created new ZMUser: tester2","timestamp":"2025-09-11T07:15:35.617Z"}
{"level":"info","message":"[AuctionLogMonitor] ✅ Created auction #1: AK47 Assault Rifle_tester2_+3 by tester2","timestamp":"2025-09-11T07:15:35.828Z"}
{"level":"info","message":"External knowledge base loaded successfully","timestamp":"2025-09-11T07:21:06.043Z"}
{"level":"info","message":"External knowledge base loaded successfully","timestamp":"2025-09-11T07:22:52.099Z"}
{"level":"info","message":"[AuctionLogMonitor] Starting auction log monitoring...","timestamp":"2025-09-11T07:22:54.103Z"}
{"level":"info","message":"[AuctionLogMonitor] Starting from position: 0","timestamp":"2025-09-11T07:22:55.142Z"}
{"level":"info","message":"[AuctionLogMonitor] Monitoring started with 30s interval","timestamp":"2025-09-11T07:22:55.143Z"}
{"level":"info","message":"[AuctionLogMonitor] Found 1 new auction entries","timestamp":"2025-09-11T07:23:26.700Z"}
{"level":"info","message":"[AuctionLogMonitor] Processing CREATE_AUCTION at 2025-09-11T07:10:04Z","timestamp":"2025-09-11T07:23:26.700Z"}
{"level":"info","message":"[AuctionLogMonitor] ✅ Created auction #2: AK47 Assault Rifle_tester2_+3 by tester2","timestamp":"2025-09-11T07:23:27.088Z"}
{"level":"info","message":"[AuctionLogMonitor] Stopping auction log monitoring...","timestamp":"2025-09-11T07:33:21.143Z"}
{"level":"info","message":"External knowledge base loaded successfully","timestamp":"2025-09-11T07:33:25.323Z"}
{"level":"info","message":"[AuctionLogMonitor] Starting auction log monitoring...","timestamp":"2025-09-11T07:33:27.195Z"}
{"level":"info","message":"[AuctionLogMonitor] Starting from position: 0","timestamp":"2025-09-11T07:33:28.039Z"}
{"level":"info","message":"[AuctionLogMonitor] Monitoring started with 30s interval","timestamp":"2025-09-11T07:33:28.040Z"}
{"level":"info","message":"[AuctionLogMonitor] Found 1 new auction entries","timestamp":"2025-09-11T07:33:59.128Z"}
{"level":"info","message":"[AuctionLogMonitor] Processing CREATE_AUCTION at 2025-09-11T07:33:11Z","timestamp":"2025-09-11T07:33:59.129Z"}
{"level":"info","message":"[AuctionLogMonitor] ✅ Created auction #3: Mystic Orb Weapon by tester2","timestamp":"2025-09-11T07:33:59.655Z"}
{"level":"warn","message":"[AuctionLogMonitor] Auction channel ID not configured","timestamp":"2025-09-11T07:33:59.656Z"}
{"level":"info","message":"[AuctionLogMonitor] Stopping auction log monitoring...","timestamp":"2025-09-11T07:39:12.583Z"}
{"level":"info","message":"External knowledge base loaded successfully","timestamp":"2025-09-11T07:41:15.268Z"}
{"level":"info","message":"[AuctionLogMonitor] Starting auction log monitoring...","timestamp":"2025-09-11T07:41:18.199Z"}
{"level":"info","message":"[AuctionLogMonitor] Starting from position: 0","timestamp":"2025-09-11T07:41:19.072Z"}
{"level":"info","message":"[AuctionLogMonitor] Monitoring started with 30s interval","timestamp":"2025-09-11T07:41:19.073Z"}
{"level":"info","message":"[AuctionLogMonitor] Found 1 new auction entries","timestamp":"2025-09-11T07:41:50.754Z"}
{"level":"info","message":"[AuctionLogMonitor] Processing CREATE_AUCTION at 2025-09-11T07:38:44Z","timestamp":"2025-09-11T07:41:50.754Z"}
{"level":"info","message":"[AuctionLogMonitor] ✅ Created auction #4: Mystic Orb Weapon by tester2","timestamp":"2025-09-11T07:41:51.392Z"}
{"level":"info","message":"[AuctionLogMonitor] ✅ Sent auction notification for item: Mystic Orb Weapon","timestamp":"2025-09-11T07:41:52.026Z"}
